<?xml version="1.0" encoding="utf-8"?><testsuites name="pytest tests"><testsuite name="pytest" errors="0" failures="0" skipped="0" tests="161" time="2.616" timestamp="2026-09-10T08:12:28.707501+00:00" hostname="localhost"><testcase classname="tests_v12.test_app" name="test_no_model_is_status_not_crash" time="0.025" /><testcase classname="tests_v12.test_app" name="test_demo_never_writes_state" time="0.014" /><testcase classname="tests_v12.test_app" name="test_schedule_cannot_enable_paper[paper]" time="0.005" /><testcase classname="tests_v12.test_app" name="test_schedule_cannot_enable_paper[demo]" time="0.005" /><testcase classname="tests_v12.test_app" name="test_schedule_cannot_enable_paper[status]" time="0.005" /><testcase classname="tests_v12.test_app" name="test_old_model_rejected" time="0.006" /><testcase classname="tests_v12.test_app" name="test_changed_config_invalidates_approval" time="0.005" /><testcase classname="tests_v12.test_app" name="test_stale_evidence" time="0.005" /><testcase classname="tests_v12.test_app" name="test_account_confirmation_and_staleness" time="0.005" /><testcase classname="tests_v12.test_app" name="test_flat_confirmation_required" time="0.005" /><testcase classname="tests_v12.test_app" name="test_loss_risk_blocks" time="0.006" /><testcase classname="tests_v12.test_app" name="test_active_plan_only_cleared_by_flat_confirmation" time="0.005" /><testcase classname="tests_v12.test_app" name="test_data_451_explicit_no_plan" time="0.006" /><testcase classname="tests_v12.test_app" name="test_paper_has_actual_plan_but_not_probability_claim" time="0.010" /><testcase classname="tests_v12.test_app" name="test_delivery_error_reserves_plan_instead_of_resending" time="0.007" /><testcase classname="tests_v12.test_app" name="test_state_branch_uses_sha_not_default_branch" time="0.001" /><testcase classname="tests_v12.test_app" name="test_state_no_base_sha_diagnostic" time="0.001" /><testcase classname="tests_v12.test_app" name="test_state_whitelist" time="0.001" /><testcase classname="tests_v12.test_app" name="test_cli_demo" time="0.006" /><testcase classname="tests_v12.test_app" name="test_strict_end_to_end_transport_mock" time="0.011" /><testcase classname="tests_v12.test_app" name="test_synthetic_model_cannot_be_promoted_by_flag" time="0.005" /><testcase classname="tests_v12.test_backtest" name="test_stop_first_same_bar[1]" time="0.008" /><testcase classname="tests_v12.test_backtest" name="test_stop_first_same_bar[-1]" time="0.007" /><testcase classname="tests_v12.test_backtest" name="test_tp_only_after_entry_bar[1]" time="0.007" /><testcase classname="tests_v12.test_backtest" name="test_tp_only_after_entry_bar[-1]" time="0.007" /><testcase classname="tests_v12.test_backtest" name="test_touch_not_fill[1]" time="0.008" /><testcase classname="tests_v12.test_backtest" name="test_touch_not_fill[-1]" time="0.007" /><testcase classname="tests_v12.test_backtest" name="test_stop_gap_worse_than_sl" time="0.008" /><testcase classname="tests_v12.test_backtest" name="test_pending_order_gap_not_cancelled_retroactively" time="0.008" /><testcase classname="tests_v12.test_backtest" name="test_pre_activation_invalidation" time="0.007" /><testcase classname="tests_v12.test_backtest" name="test_gap_not_silently_dropped" time="0.007" /><testcase classname="tests_v12.test_backtest" name="test_mark_not_last_drives_margin_stress" time="0.007" /><testcase classname="tests_v12.test_backtest" name="test_funding_debit_and_credit" time="0.036" /><testcase classname="tests_v12.test_backtest" name="test_costs_count_both_legs_of_btc_roundtrip" time="0.007" /><testcase classname="tests_v12.test_backtest" name="test_paper_evaluation_can_remain_open" time="0.007" /><testcase classname="tests_v12.test_backtest" name="test_time_exit" time="0.021" /><testcase classname="tests_v12.test_backtest" name="test_portfolio_nonoverlap_and_equity" time="0.091" /><testcase classname="tests_v12.test_data" name="test_invalid_candles_fail[nan]" time="0.001" /><testcase classname="tests_v12.test_data" name="test_invalid_candles_fail[negative_price]" time="0.001" /><testcase classname="tests_v12.test_data" name="test_invalid_candles_fail[negative_volume]" time="0.002" /><testcase classname="tests_v12.test_data" name="test_invalid_candles_fail[bad_high]" time="0.002" /><testcase classname="tests_v12.test_data" name="test_invalid_candles_fail[bad_low]" time="0.002" /><testcase classname="tests_v12.test_data" name="test_invalid_candles_fail[hour]" time="0.003" /><testcase classname="tests_v12.test_data" name="test_invalid_candles_fail[gap]" time="0.003" /><testcase classname="tests_v12.test_data" name="test_invalid_candles_fail[naive]" time="0.001" /><testcase classname="tests_v12.test_data" name="test_timestamp_units[s-1]" time="0.001" /><testcase classname="tests_v12.test_data" name="test_timestamp_units[ms-1000]" time="0.001" /><testcase classname="tests_v12.test_data" name="test_timestamp_units[us-1000000]" time="0.001" /><testcase classname="tests_v12.test_data" name="test_duplicate_conflict" time="0.006" /><testcase classname="tests_v12.test_data" name="test_archive_csv_header[False]" time="0.006" /><testcase classname="tests_v12.test_data" name="test_archive_csv_header[True]" time="0.005" /><testcase classname="tests_v12.test_data" name="test_bad_zip" time="0.000" /><testcase classname="tests_v12.test_data" name="test_provider_no_substitution[403]" time="0.000" /><testcase classname="tests_v12.test_data" name="test_provider_no_substitution[451]" time="0.000" /><testcase classname="tests_v12.test_data" name="test_provider_no_substitution[404]" time="0.000" /><testcase classname="tests_v12.test_data" name="test_provider_no_substitution[400]" time="0.000" /><testcase classname="tests_v12.test_data" name="test_checksum_integrity" time="0.001" /><testcase classname="tests_v12.test_data" name="test_official_archive_url[klines]" time="0.000" /><testcase classname="tests_v12.test_data" name="test_official_archive_url[markPriceKlines]" time="0.000" /><testcase classname="tests_v12.test_data" name="test_official_archive_url[fundingRate]" time="0.000" /><testcase classname="tests_v12.test_data" name="test_path_injection_blocked[../test]" time="0.000" /><testcase classname="tests_v12.test_data" name="test_path_injection_blocked[BTC/USDT]" time="0.000" /><testcase classname="tests_v12.test_data" name="test_path_injection_blocked[abc]" time="0.000" /><testcase classname="tests_v12.test_data" name="test_path_injection_blocked[BTCUSDT?x=1]" time="0.000" /><testcase classname="tests_v12.test_data" name="test_funding_gap_rejected" time="0.002" /><testcase classname="tests_v12.test_data" name="test_funding_normalization_conflict" time="0.002" /><testcase classname="tests_v12.test_data" name="test_missing_stays_missing" time="0.006" /><testcase classname="tests_v12.test_data" name="test_excess_gaps_fail[0.006-1]" time="0.005" /><testcase classname="tests_v12.test_data" name="test_excess_gaps_fail[0.001-25]" time="0.005" /><testcase classname="tests_v12.test_data" name="test_pagination_excludes_unclosed" time="0.010" /><testcase classname="tests_v12.test_data" name="test_live_filters" time="0.000" /><testcase classname="tests_v12.test_data" name="test_wrong_contract_rejected[status-BREAK]" time="0.000" /><testcase classname="tests_v12.test_data" name="test_wrong_contract_rejected[contractType-CURRENT_QUARTER]" time="0.000" /><testcase classname="tests_v12.test_data" name="test_wrong_contract_rejected[quoteAsset-USDC]" time="0.000" /><testcase classname="tests_v12.test_data" name="test_old_spot_manifest_rejected" time="0.005" /><testcase classname="tests_v12.test_data" name="test_independent_history_live_check" time="0.005" /><testcase classname="tests_v12.test_evidence" name="test_profit_factor_is_aggregate_not_payoff" time="0.008" /><testcase classname="tests_v12.test_evidence" name="test_observed_eighty_is_not_eighty_lower_bound" time="0.000" /><testcase classname="tests_v12.test_evidence" name="test_small_sample_inconclusive" time="0.000" /><testcase classname="tests_v12.test_evidence" name="test_synthetic_cannot_approve" time="0.043" /><testcase classname="tests_v12.test_evidence" name="test_missing_held_path_blocks" time="0.040" /><testcase classname="tests_v12.test_evidence" name="test_margin_stress_blocks" time="0.040" /><testcase classname="tests_v12.test_evidence" name="test_losing_short_side_cannot_borrow_long_win_rate" time="0.040" /><testcase classname="tests_v12.test_evidence" name="test_low_payoff_eighty_percent_not_edge" time="0.042" /><testcase classname="tests_v12.test_evidence" name="test_bootstrap_deterministic" time="0.016" /><testcase classname="tests_v12.test_evidence" name="test_candidates_limited_and_include_baselines" time="0.005" /><testcase classname="tests_v12.test_evidence" name="test_companion_must_improve_matching_baseline" time="0.005" /><testcase classname="tests_v12.test_evidence" name="test_no_selection_qualification_is_not_approval" time="0.004" /><testcase classname="tests_v12.test_evidence" name="test_synthetic_full_research_smoke" time="0.040" /><testcase classname="tests_v12.test_evidence" name="test_pair_only_candidate_must_beat_declared_btc_baseline" time="0.005" /><testcase classname="tests_v12.test_plans" name="test_rounding[1.234-0.01-False-1.23]" time="0.000" /><testcase classname="tests_v12.test_plans" name="test_rounding[1.234-0.01-True-1.24]" time="0.000" /><testcase classname="tests_v12.test_plans" name="test_rounding[100.05-0.1-False-100.0]" time="0.000" /><testcase classname="tests_v12.test_plans" name="test_rounding[0.012345-0.001-False-0.012]" time="0.000" /><testcase classname="tests_v12.test_plans" name="test_rounding_bad[nan-.1]" time="0.000" /><testcase classname="tests_v12.test_plans" name="test_rounding_bad[1-0]" time="0.000" /><testcase classname="tests_v12.test_plans" name="test_rounding_bad[1--1]" time="0.000" /><testcase classname="tests_v12.test_plans" name="test_risk_sizing_limits[1-100]" time="0.005" /><testcase classname="tests_v12.test_plans" name="test_risk_sizing_limits[1-500]" time="0.005" /><testcase classname="tests_v12.test_plans" name="test_risk_sizing_limits[1-1000]" time="0.005" /><testcase classname="tests_v12.test_plans" name="test_risk_sizing_limits[1-5000]" time="0.005" /><testcase classname="tests_v12.test_plans" name="test_risk_sizing_limits[-1-100]" time="0.005" /><testcase classname="tests_v12.test_plans" name="test_risk_sizing_limits[-1-500]" time="0.005" /><testcase classname="tests_v12.test_plans" name="test_risk_sizing_limits[-1-1000]" time="0.005" /><testcase classname="tests_v12.test_plans" name="test_risk_sizing_limits[-1-5000]" time="0.005" /><testcase classname="tests_v12.test_plans" name="test_leverage_does_not_multiply_risk_budget" time="0.005" /><testcase classname="tests_v12.test_plans" name="test_low_net_rr_rejected" time="0.006" /><testcase classname="tests_v12.test_plans" name="test_insufficient_equity_no_order" time="0.005" /><testcase classname="tests_v12.test_plans" name="test_demo_full_plan" time="0.006" /><testcase classname="tests_v12.test_plans" name="test_live_guards[old-SIGNAL_TOO_OLD]" time="0.008" /><testcase classname="tests_v12.test_plans" name="test_live_guards[spread-SPREAD_TOO_WIDE]" time="0.006" /><testcase classname="tests_v12.test_plans" name="test_live_guards[basis-MARK_CONTRACT_BASIS_TOO_WIDE]" time="0.005" /><testcase classname="tests_v12.test_plans" name="test_live_guards[funding-ADVERSE_FUNDING_TOO_HIGH]" time="0.005" /><testcase classname="tests_v12.test_plans" name="test_live_guards[stop-SETUP_INVALIDATED]" time="0.005" /><testcase classname="tests_v12.test_plans" name="test_live_guards[rules-EXCHANGE_RULES_CHANGED]" time="0.005" /><testcase classname="tests_v12.test_plans" name="test_structure_window_gap" time="0.005" /><testcase classname="tests_v12.test_signals" name="test_pivot_not_observable_early" time="0.000" /><testcase classname="tests_v12.test_signals" name="test_plateau_is_not_unique_pivot" time="0.000" /><testcase classname="tests_v12.test_signals" name="test_signal_timestamp[1-BUY]" time="0.001" /><testcase classname="tests_v12.test_signals" name="test_signal_timestamp[-1-SELL]" time="0.001" /><testcase classname="tests_v12.test_signals" name="test_flat_rsi_neutral" time="0.005" /><testcase classname="tests_v12.test_signals" name="test_rsi_bounds" time="0.007" /><testcase classname="tests_v12.test_signals" name="test_rvol_uses_previous_bars" time="0.005" /><testcase classname="tests_v12.test_signals" name="test_peer_required[pair_spread]" time="0.009" /><testcase classname="tests_v12.test_signals" name="test_peer_required[lead_lag]" time="0.009" /><testcase classname="tests_v12.test_signals" name="test_mismatched_clocks_rejected" time="0.006" /><testcase classname="tests_v12.test_signals" name="test_unknown_family" time="0.010" /><testcase classname="tests_v12.test_signals" name="test_calendar_refit_anchors_invariant" time="0.002" /><testcase classname="tests_v12.test_signals" name="test_no_future_data_changes_past_signals[trend_pullback]" time="0.162" /><testcase classname="tests_v12.test_signals" name="test_no_future_data_changes_past_signals[breakout]" time="0.131" /><testcase classname="tests_v12.test_signals" name="test_no_future_data_changes_past_signals[divergence]" time="0.100" /><testcase classname="tests_v12.test_signals" name="test_no_future_data_changes_past_signals[pair_spread]" time="0.083" /><testcase classname="tests_v12.test_signals" name="test_no_future_data_changes_past_signals[lead_lag]" time="0.074" /><testcase classname="tests_v12.test_signals" name="test_breakout_excludes_current_high" time="0.013" /><testcase classname="tests_v12.test_signals" name="test_opposing_peer_blocks_breakout" time="0.012" /><testcase classname="tests_v12.test_signals" name="test_actual_divergence_only_after_pivot_confirmation[False]" time="0.022" /><testcase classname="tests_v12.test_signals" name="test_actual_divergence_only_after_pivot_confirmation[True]" time="0.023" /><testcase classname="tests_v12.test_signals" name="test_actual_lead_lag_prediction_is_causal" time="0.141" /><testcase classname="tests_v12.test_signals" name="test_signal_engine_does_not_bridge_missing_bar" time="0.019" /><testcase classname="tests_v12.test_signals" name="test_sparse_clock_must_not_collapse_gap" time="0.005" /><testcase classname="tests_v12.test_signals" name="test_wilder_seed_is_sma" time="0.000" /><testcase classname="tests_v12.test_workflows" name="test_workflow_location_and_copy[bot2_scan]" time="0.003" /><testcase classname="tests_v12.test_workflows" name="test_workflow_location_and_copy[bot2_research]" time="0.003" /><testcase classname="tests_v12.test_workflows" name="test_workflow_location_and_copy[bot2_check_data]" time="0.002" /><testcase classname="tests_v12.test_workflows" name="test_workflow_location_and_copy[bot2_setup]" time="0.001" /><testcase classname="tests_v12.test_workflows" name="test_workflow_location_and_copy[bot2_account]" time="0.002" /><testcase classname="tests_v12.test_workflows" name="test_workflow_location_and_copy[tests]" time="0.001" /><testcase classname="tests_v12.test_workflows" name="test_schedule_strict_and_safe_inputs" time="0.000" /><testcase classname="tests_v12.test_workflows" name="test_research_can_run_without_live_access" time="0.000" /><testcase classname="tests_v12.test_workflows" name="test_no_exchange_trade_endpoints" time="0.001" /><testcase classname="tests_v12.test_workflows" name="test_source_files_compile" time="0.016" /><testcase classname="tests_v12.test_workflows" name="test_unsafe_configuration_rejected[account-risk_fraction-0.11]" time="0.012" /><testcase classname="tests_v12.test_workflows" name="test_unsafe_configuration_rejected[account-max_leverage-10]" time="0.011" /><testcase classname="tests_v12.test_workflows" name="test_unsafe_configuration_rejected[account-hard_risk_cap_usdt-51]" time="0.011" /><testcase classname="tests_v12.test_workflows" name="test_unsafe_configuration_rejected[account-max_margin_fraction-1.0]" time="0.012" /><testcase classname="tests_v12.test_workflows" name="test_unsafe_configuration_rejected[execution-funding_required-False]" time="0.011" /><testcase classname="tests_v12.test_workflows" name="test_bad_numeric_configuration_cannot_bypass_guards[proof_gate-minimum_win_rate_lower_bound-nan]" time="0.012" /><testcase classname="tests_v12.test_workflows" name="test_bad_numeric_configuration_cannot_bypass_guards[proof_gate-minimum_win_rate_lower_bound-1.0]" time="0.011" /><testcase classname="tests_v12.test_workflows" name="test_bad_numeric_configuration_cannot_bypass_guards[proof_gate-bootstrap_repetitions-0]" time="0.011" /><testcase classname="tests_v12.test_workflows" name="test_bad_numeric_configuration_cannot_bypass_guards[account-max_leverage-2.5]" time="0.011" /><testcase classname="tests_v12.test_workflows" name="test_bad_numeric_configuration_cannot_bypass_guards[account-equity_usdt-inf]" time="0.011" /></testsuite></testsuites>